// Jest Snapshot v1, https://goo.gl/fbAQLP

exports[`ReputationController (e2e) /:userId (GET) should return a user reputation 1`] = `
Object {
  "reputation": 1,
  "user_id": 1,
}
`;
